dfxcc backend --ic initChatMannager
WARN: Cannot fetch Candid interface for initChatMannager, sending arguments with inferred types.
Error: Failed update call.
Caused by: The replica returned a rejection error: reject code CanisterError, reject message Error from Canister jkmf4-caaaa-aaaal-amq3q-cai: Canister has no update method 'initChatMannager'..
Check that the method being called is exported by the target canister. See documentation: http://internetcomputer.org/docs/current/references/execution-errors#method-not-found, error code None
ariel@ariel-System-Product-Name:~/No Ponzi/IcpBusinessCard/src/frontend$ dfxcc backend --ic initChatManager
Error: Failed update call.
Caused by: The replica returned a rejection error: reject code CanisterReject, reject message Creating a canister requires a fee of 500_000_000_000 that is deducted from the canister's initial balance but only 400_000_000_000 cycles were received with the create_canister request.
Try sending more cycles with the request. See documentation: http://internetcomputer.org/docs/current/references/execution-errors#create-canister-not-enough-cycles, error code None

ariel@ariel-System-Product-Name:~/No Ponzi/IcpBusinessCard/src/frontend$ dfx canister status backend --ic
Canister status call result for backend.
Status: Running
Controllers: dmurz-fyaaa-aaaal-adzda-cai epvyw-ddnza-4wy4p-joxft-ciutt-s7pji-cfxm3-khwlb-x2tb7-uo7tc-xae
Memory allocation: 0
Compute allocation: 0
Freezing threshold: 2_592_000
Memory Size: Nat(13629878)
Balance: 2_930_046_737_685 Cycles
Reserved: 0 Cycles
Reserved cycles limit: 5_000_000_000_000 Cycles
Wasm memory limit: 3_221_225_472 Bytes
Module hash: 0xcede9aec91b83baadc09dfdb771c6a2f175df1409d37e482ed852850b3e098af
Number of queries: 4_251
Instructions spent in queries: 14_204_196_266
Total query request payload size (bytes): 35_178
Total query response payload size (bytes): 264_704_791
Log visibility: controllers

ariel@ariel-System-Product-Name:~/No Ponzi/IcpBusinessCard/src/frontend$ dfx deploy backend --ic
Deploying: backend
All canisters have already been created.
Building canisters...
WARN: .mops/base@0.11.1/src/Principal.mo:80.20-80.32: warning [M0154], field append is deprecated:
`Array.append` copies its arguments and has linear complexity;
/home/ariel/No Ponzi/IcpBusinessCard/src/backend/main.mo:11.10-11.15: warning [M0198], unused field print in object pattern (delete or rewrite as `print = _`)

Installing canisters...
Upgrading code for canister backend, with canister ID jkmf4-caaaa-aaaal-amq3q-cai
Deployed canisters.
URLs:
  Frontend canister via browser
    frontend: https://ihcbs-niaaa-aaaal-amq4a-cai.icp0.io/
  Backend canister via Candid interface:
    backend: https://a4gq6-oaaaa-aaaab-qaa4q-cai.raw.icp0.io/?id=jkmf4-caaaa-aaaal-amq3q-cai
    internet_identity: https://a4gq6-oaaaa-aaaab-qaa4q-cai.raw.icp0.io/?id=rdmx6-jaaaa-aaaaa-aaadq-cai

ariel@ariel-System-Product-Name:~/No Ponzi/IcpBusinessCard/src/frontend$ dfxcc backend --ic initChatManager
Error: Failed update call.
Caused by: The replica returned a rejection error: reject code CanisterReject, reject message Canister installation failed with `Canister rk2up-niaaa-aaaal-arsmq-cai is out of cycles: please top up the canister with at least 5_043_530 additional cycles`.
Top up the canister with more cycles. See documentation: http://internetcomputer.org/docs/current/references/execution-errors#install-code-not-enough-cycles, error code None

ariel@ariel-System-Product-Name:~/No Ponzi/IcpBusinessCard/src/frontend$ dfx identity get-wallet
Creating a wallet canister on the local network.
br5f7-7uaaa-aaaaa-qaaca-cai
The wallet canister on the "local" network for user "lev" is "br5f7-7uaaa-aaaaa-qaaca-cai"

ariel@ariel-System-Product-Name:~/No Ponzi/IcpBusinessCard/src/frontend$ dfx identity get-wallet --ic
dmurz-fyaaa-aaaal-adzda-cai

ariel@ariel-System-Product-Name:~/No Ponzi/IcpBusinessCard/src/frontend$ dfxcc backend getChatManagerCanisterId
(principal "aaaaa-aa")

ariel@ariel-System-Product-Name:~/No Ponzi/IcpBusinessCard/src/frontend$ dfxcc backend --ic initChatManager
Error: Failed update call.
Caused by: The replica returned a rejection error: reject code CanisterReject, reject message Canister installation failed with `Canister rdz7t-3aaaa-aaaal-arsna-cai is out of cycles: please top up the canister with at least 5_043_530 additional cycles`.
Top up the canister with more cycles. See documentation: http://internetcomputer.org/docs/current/references/execution-errors#install-code-not-enough-cycles, error code None
ariel@ariel-System-Product-Name:~/No Ponzi/IcpBusinessCard/src/frontend$ dfx wallet balance --ic
23.891 TC (trillion cycles).
ariel@ariel-System-Product-Name:~/No Ponzi/IcpBusinessCard/src/frontend$ dfx canister info rdz7t-3aaaa-aaaal-arsna-cai --ic
Controllers: jkmf4-caaaa-aaaal-amq3q-cai
Module hash: None


ariel@ariel-System-Product-Name:~/No Ponzi/IcpBusinessCard/src/frontend$ dfx wallet send -h
Send cycles to a canister

Usage: dfx wallet send [OPTIONS] <DESTINATION> <AMOUNT>

Arguments:
  <DESTINATION>  Canister ID of the destination canister
  <AMOUNT>       Specifies the amount of cycles to send. Deducted from the wallet

ariel@ariel-System-Product-Name:~/No Ponzi/IcpBusinessCard/src/frontend$ dfx wallet send rdz7t-3aaaa-aaaal-arsna-cai 500_000_000_000 --ic

ariel@ariel-System-Product-Name:~/No Ponzi/IcpBusinessCard/src/frontend$ dfxcc backend --ic initChatManager
Error: Failed update call.
Caused by: The replica returned a rejection error: reject code CanisterReject, reject message Canister installation failed with `Canister reyzh-wyaaa-aaaal-arsnq-cai is out of cycles: please top up the canister with at least 5_043_530 additional cycles`.
Top up the canister with more cycles. See documentation: http://internetcomputer.org/docs/current/references/execution-errors#install-code-not-enough-cycles, error code None

ariel@ariel-System-Product-Name:~/No Ponzi/IcpBusinessCard/src/frontend$ dfx deploy backend --ic
Deploying: backend
All canisters have already been created.
Building canisters...
WARN: .mops/base@0.11.1/src/Principal.mo:80.20-80.32: warning [M0154], field append is deprecated:
`Array.append` copies its arguments and has linear complexity;
/home/ariel/No Ponzi/IcpBusinessCard/src/backend/main.mo:11.10-11.15: warning [M0198], unused field print in object pattern (delete or rewrite as `print = _`)

Installing canisters...
Upgrading code for canister backend, with canister ID jkmf4-caaaa-aaaal-amq3q-cai
Deployed canisters.
URLs:
  Frontend canister via browser
    frontend: https://ihcbs-niaaa-aaaal-amq4a-cai.icp0.io/
  Backend canister via Candid interface:
    backend: https://a4gq6-oaaaa-aaaab-qaa4q-cai.raw.icp0.io/?id=jkmf4-caaaa-aaaal-amq3q-cai
    internet_identity: https://a4gq6-oaaaa-aaaab-qaa4q-cai.raw.icp0.io/?id=rdmx6-jaaaa-aaaaa-aaadq-cai

ariel@ariel-System-Product-Name:~/No Ponzi/IcpBusinessCard/src/frontend$ dfxcc backend --ic initChatManager
Error: Failed update call.
Caused by: The replica returned a rejection error: reject code CanisterError, reject message Error from Canister jkmf4-caaaa-aaaal-amq3q-cai: Canister jkmf4-caaaa-aaaal-amq3q-cai is out of cycles, error code None

ariel@ariel-System-Product-Name:~/No Ponzi/IcpBusinessCard/src/frontend$ dfx canister status backend --ic
Canister status call result for backend.
Status: Running
Controllers: dmurz-fyaaa-aaaal-adzda-cai epvyw-ddnza-4wy4p-joxft-ciutt-s7pji-cfxm3-khwlb-x2tb7-uo7tc-xae
Memory allocation: 0
Compute allocation: 0
Freezing threshold: 2_592_000
Memory Size: Nat(7403958)
Balance: 523_016_302_340 Cycles
Reserved: 0 Cycles
Reserved cycles limit: 5_000_000_000_000 Cycles
Wasm memory limit: 3_221_225_472 Bytes
Module hash: 0xdd4a06aee7421b6e62493ba122fe1fdbc8b70eba48a69fe2273d76875755a4f8
Number of queries: 4_316
Instructions spent in queries: 14_297_161_983
Total query request payload size (bytes): 35_750
Total query response payload size (bytes): 266_411_236
Log visibility: controllers


ariel@ariel-System-Product-Name:~/No Ponzi/IcpBusinessCard/src/frontend$ dfx wallet send jkmf4-caaaa-aaaal-amq3q-cai 2_000_000_000_000 --ic
ariel@ariel-System-Product-Name:~/No Ponzi/IcpBusinessCard/src/frontend$ dfx canister status backend --ic
Canister status call result for backend.
Status: Running
Controllers: dmurz-fyaaa-aaaal-adzda-cai epvyw-ddnza-4wy4p-joxft-ciutt-s7pji-cfxm3-khwlb-x2tb7-uo7tc-xae
Memory allocation: 0
Compute allocation: 0
Freezing threshold: 2_592_000
Memory Size: Nat(7403958)
Balance: 2_523_014_861_991 Cycles
Reserved: 0 Cycles
Reserved cycles limit: 5_000_000_000_000 Cycles
Wasm memory limit: 3_221_225_472 Bytes
Module hash: 0xdd4a06aee7421b6e62493ba122fe1fdbc8b70eba48a69fe2273d76875755a4f8
Number of queries: 4_316
Instructions spent in queries: 14_297_161_983
Total query request payload size (bytes): 35_750
Total query response payload size (bytes): 266_411_236
Log visibility: controllers

ariel@ariel-System-Product-Name:~/No Ponzi/IcpBusinessCard/src/frontend$ dfxcc backend --ic initChatManager
Error: Failed update call.
Caused by: The replica returned a rejection error: reject code CanisterError, reject message Error from Canister jkmf4-caaaa-aaaal-amq3q-cai: Canister called `ic0.trap` with message: unreachable
Canister Backtrace:
@anon-func-612.14
$k/39
@anon-func-365.15
fulfill
$lambda
@callback<(ra(addUser:Fs(Pt)(),iAmUser:Fsr()(b),putMsg:Fsr(8=vPr(msg:t,multimedia:10=?r(canisterId:P,index:N)))(v(Err:u,Ok:n32)),readChat:Fsr(n32)(v(Err:u,Ok:r(msgs:vr(date:I,from:P,msg:t,multimedia:!10),users:!8))),removeUser:Fs(P)(),updateUsers:Fs(vr(name:t,p:P))()))>
.
Consider gracefully handling failures from this canister or altering the canister to handle exceptions. See documentation: http://internetcomputer.org/docs/current/references/execution-errors#trapped-explicitly, error code None